◇ injected env (45) from .env.local // tip: ⌁ auth for agents [www.vestauth.com]
=== Classement des etablissements depuis les fichiers Stock Sirene (ECRITURE) ===

  etab.zip : 2.87 Go, fichier du 2026-09-02, contient StockEtablissement_utf8.csv
  unite.zip : 0.97 Go, fichier du 2026-09-02, contient StockUniteLegale_utf8.csv

0. Colonnes cibles en base...
   presentes.

1. Lecture de nos SIRET...
   200 000 fiches lues...
   400 000 fiches lues...
   600 000 fiches lues...
   800 000 fiches lues...
   1 000 000 fiches lues...
   1 200 000 fiches lues...
   1 400 000 fiches lues...
   1 600 000 fiches lues...
   1 800 000 fiches lues...
   2 000 000 fiches lues...
   2 200 000 fiches lues...
   2 400 000 fiches lues...
   2 439 971 fiches dans le perimetre, 159 SIRET retenus
   120 743 identifiants hors format Sirene (pas 14 chiffres : numeros BCE belges), hors perimetre
   2 319 069 fiches deja verifiees, sautees (--reprendre)

2. Etablissements (etab.zip, rattachement par SIRET)...
   colonnes trouvees : siret (2), etatAdministratifEtablissement (45), dateDebut (44) sur 54
   2 000 000 lignes lues, 0 matchs (A 0 / F 0), 1 s, rss 101 Mo
   4 000 000 lignes lues, 0 matchs (A 0 / F 0), 2 s, rss 129 Mo
   6 000 000 lignes lues, 0 matchs (A 0 / F 0), 3 s, rss 188 Mo
   8 000 000 lignes lues, 0 matchs (A 0 / F 0), 4 s, rss 188 Mo
   10 000 000 lignes lues, 0 matchs (A 0 / F 0), 5 s, rss 187 Mo
   12 000 000 lignes lues, 0 matchs (A 0 / F 0), 6 s, rss 183 Mo
   14 000 000 lignes lues, 0 matchs (A 0 / F 0), 7 s, rss 185 Mo
   16 000 000 lignes lues, 0 matchs (A 0 / F 0), 8 s, rss 185 Mo
   18 000 000 lignes lues, 0 matchs (A 0 / F 0), 9 s, rss 173 Mo
   20 000 000 lignes lues, 0 matchs (A 0 / F 0), 10 s, rss 168 Mo
   22 000 000 lignes lues, 1 matchs (A 0 / F 1), 11 s, rss 170 Mo
   24 000 000 lignes lues, 1 matchs (A 0 / F 1), 12 s, rss 167 Mo
   26 000 000 lignes lues, 1 matchs (A 0 / F 1), 13 s, rss 166 Mo
   28 000 000 lignes lues, 1 matchs (A 0 / F 1), 14 s, rss 185 Mo
   30 000 000 lignes lues, 1 matchs (A 0 / F 1), 15 s, rss 185 Mo
   32 000 000 lignes lues, 1 matchs (A 0 / F 1), 16 s, rss 178 Mo
   34 000 000 lignes lues, 1 matchs (A 0 / F 1), 17 s, rss 180 Mo
   36 000 000 lignes lues, 1 matchs (A 0 / F 1), 18 s, rss 180 Mo
   38 000 000 lignes lues, 1 matchs (A 0 / F 1), 19 s, rss 164 Mo
   40 000 000 lignes lues, 2 matchs (A 1 / F 1), 20 s, rss 164 Mo
   42 000 000 lignes lues, 2 matchs (A 1 / F 1), 21 s, rss 165 Mo
   44 000 000 lignes lues, 2 matchs (A 1 / F 1), 22 s, rss 163 Mo
   termine : 44 064 115 lignes lues, 2 matchs, A 1 / F 1, 22 s, rss 165 Mo

3. Unites legales (unite.zip, rattachement par SIREN)...
   152 SIREN distincts
   colonnes trouvees : siren (0), etatAdministratifUniteLegale (20), dateDebut (19) sur 35
   2 000 000 lignes lues, 0 matchs (A 0 / C 0), 1 s, rss 189 Mo
   4 000 000 lignes lues, 0 matchs (A 0 / C 0), 1 s, rss 190 Mo
   6 000 000 lignes lues, 0 matchs (A 0 / C 0), 2 s, rss 189 Mo
   8 000 000 lignes lues, 0 matchs (A 0 / C 0), 3 s, rss 188 Mo
   10 000 000 lignes lues, 0 matchs (A 0 / C 0), 3 s, rss 188 Mo
   12 000 000 lignes lues, 0 matchs (A 0 / C 0), 4 s, rss 187 Mo
   14 000 000 lignes lues, 1 matchs (A 0 / C 1), 4 s, rss 187 Mo
   16 000 000 lignes lues, 1 matchs (A 0 / C 1), 5 s, rss 187 Mo
   18 000 000 lignes lues, 1 matchs (A 0 / C 1), 6 s, rss 187 Mo
   20 000 000 lignes lues, 1 matchs (A 0 / C 1), 6 s, rss 186 Mo
   22 000 000 lignes lues, 1 matchs (A 0 / C 1), 7 s, rss 185 Mo
   24 000 000 lignes lues, 1 matchs (A 0 / C 1), 8 s, rss 185 Mo
   26 000 000 lignes lues, 1 matchs (A 0 / C 1), 8 s, rss 173 Mo
   28 000 000 lignes lues, 2 matchs (A 1 / C 1), 9 s, rss 180 Mo
   30 000 000 lignes lues, 2 matchs (A 1 / C 1), 10 s, rss 178 Mo
   termine : 30 020 346 lignes lues, 2 matchs, A 1 / C 1, 10 s, rss 178 Mo

4. Assemblage...

5. Resultat
   fiches du perimetre                     159
   trouvees dans StockEtablissement          2  (1.3 %)
   absentes du Stock (non touchees)        157
   etablissement ouvert  (A)                 1  (50.0 % des trouvees)
   etablissement ferme   (F)                 1  (50.0 % des trouvees)  attendu ~45 % +/- 7 (mesure du 02/09)
      dont entreprise cessee (C)             1  (50.0 %)  attendu ~34 %
      dont entreprise active (A)             0  (0.0 %)  attendu ~11 %
   groupes de valeurs distincts              2  -> 2 requetes UPDATE de 300 SIRET max
   temps ecoule 665 s, memoire residente 179 Mo

6. Ecriture de 1 lots (etat_verifie_at = 2026-09-03T12:22:21.825Z)...
   garde-fou updated_at : inchange sur 50869256300028, on continue.
   lot 1/1 : 2 fiches ecrites, 0 lots en erreur, 120 fiches/min, rss 191 Mo

8. Recompte en base (etat_verifie_at >= horodatage du passage)...
   comptage impossible (total) : 
   comptage impossible (A) : 
   comptage impossible (F) : 
   total    base            ?   ecrit            2   COMPTAGE IMPOSSIBLE
   A        base            ?   ecrit            1   COMPTAGE IMPOSSIBLE
   F        base            ?   ecrit            1   COMPTAGE IMPOSSIBLE

NON VERIFIE : 2 fiches classees en 25 s (691 s au total).
   Un comptage n'a pas repondu (delai de la base). Verifier en SQL :
   select etat_admin, count(*) from pros where is_active and deleted_at is null and etat_verifie_at >= '2026-09-03T12:22:21.825Z' group by 1;
